
> pinpoint@0.2.0 smoke
> playwright test e2e/smoke

[2m[WebServer] [22m
[2m[WebServer] [22m> pinpoint@0.2.0 dev
[2m[WebServer] [22m> next dev
[2m[WebServer] [22m
[2m[WebServer] [22m   [1m[38;2;173;127;168m▲ Next.js 16.0.1[39m[22m (Turbopack)
[2m[WebServer] [22m   - Local:        http://localhost:3000
[2m[WebServer] [22m   - Network:      http://192.168.68.94:3000
[2m[WebServer] [22m   - Environments: .env.local
[2m[WebServer] [22m
[2m[WebServer] [22m [32m[1m✓[22m[39m Starting...
[2m[WebServer] [22m [32m[1m✓[22m[39m Ready in 396ms
[2m[WebServer] [22m GET / [32m200[39m in 1113ms[2m (compile: 1026ms, render: 87ms)[22m

Running 18 tests using 4 workers

[2m[WebServer] [22m GET / [32m200[39m in 75ms[2m (compile: 1801µs, render: 73ms)[22m
[2m[WebServer] [22m GET / [32m200[39m in 61ms[2m (compile: 3ms, render: 58ms)[22m
[2m[WebServer] [22m GET /signup [32m200[39m in 250ms[2m (compile: 187ms, render: 63ms)[22m
[2m[WebServer] [22m GET /login [32m200[39m in 251ms[2m (compile: 153ms, render: 98ms)[22m
[2m[WebServer] [22m GET /dashboard [34m307[39m in 467ms[2m (compile: 330ms, render: 137ms)[22m
[2m[WebServer] [22m GET /login [32m200[39m in 463ms[2m (compile: 288ms, render: 175ms)[22m
[2m[WebServer] [22m GET /login [32m200[39m in 51ms[2m (compile: 1635µs, render: 49ms)[22m
  ✓   1 [chromium] › e2e/smoke/auth-flows.spec.ts:96:3 › Authentication › protected route - redirect to login when not authenticated (789ms)
[2m[WebServer] [22m GET /login [32m200[39m in 39ms[2m (compile: 1867µs, render: 37ms)[22m
[2m[WebServer] [22m POST /login [34m303[39m in 105ms[2m (compile: 2ms, render: 103ms)[22m
[2m[WebServer] [22m GET /login [32m200[39m in 33ms[2m (compile: 2ms, render: 31ms)[22m
[2m[WebServer] [22m GET /login [32m200[39m in 27ms[2m (compile: 1417µs, render: 26ms)[22m
[2m[WebServer] [22m GET /dashboard [32m200[39m in 120ms[2m (compile: 9ms, render: 111ms)[22m
[2m[WebServer] [22m GET /login [32m200[39m in 90ms[2m (compile: 15ms, render: 74ms)[22m
[2m[WebServer] [22m POST /login [34m303[39m in 212ms[2m (compile: 1345µs, render: 211ms)[22m
[2m[WebServer] [22m GET /dashboard [32m200[39m in 104ms[2m (compile: 23ms, render: 80ms)[22m
[2m[WebServer] [22m POST /signup [34m303[39m in 222ms[2m (compile: 8ms, render: 214ms)[22m
  ✘   4 [chromium] › e2e/smoke/auth-flows.spec.ts:10:3 › Authentication › signup flow - create new account and access dashboard (1.1s)
[2m[WebServer] [22m GET /dashboard [32m200[39m in 35ms[2m (compile: 1099µs, render: 34ms)[22m
[2m[WebServer] [22m POST /login [34m303[39m in 101ms[2m (compile: 1171µs, render: 99ms)[22m
  ✓   2 [chromium] › e2e/smoke/auth-flows.spec.ts:80:3 › Authentication › login flow - reject invalid credentials (1.2s)
  ✘   3 [chromium] › e2e/smoke/auth-flows.spec.ts:45:3 › Authentication › login flow - sign in with existing account (1.2s)
[2m[WebServer] [22m GET /signup [32m200[39m in 83ms[2m (compile: 30ms, render: 53ms)[22m
[2m[WebServer] [22m GET / [32m200[39m in 46ms[2m (compile: 1014µs, render: 45ms)[22m
[2m[WebServer] [22m GET /signup [32m200[39m in 38ms[2m (compile: 956µs, render: 37ms)[22m
[2m[WebServer] [22m POST /dashboard [34m303[39m in 88ms[2m (compile: 1289µs, render: 87ms)[22m
[2m[WebServer] [22m GET /dashboard [34m307[39m in 90ms[2m (compile: 33ms, render: 57ms)[22m
[2m[WebServer] [22m GET /login [32m200[39m in 95ms[2m (compile: 26ms, render: 69ms)[22m
[2m[WebServer] [22m GET /login [32m200[39m in 38ms[2m (compile: 1318µs, render: 36ms)[22m
  ✓   7 [chromium] › e2e/smoke/auth-flows.spec.ts:132:3 › Authentication › signup validation - enforce minimum password length (346ms)
  ✓   5 [chromium] › e2e/smoke/auth-flows.spec.ts:107:3 › Authentication › logout flow - sign out and verify redirect (1.0s)
[2m[WebServer] [22m GET /signup [32m200[39m in 70ms[2m (compile: 32ms, render: 38ms)[22m
[2m[WebServer] [22m GET /login [32m200[39m in 86ms[2m (compile: 25ms, render: 61ms)[22m
[2m[WebServer] [22m GET / [32m200[39m in 78ms[2m (compile: 24ms, render: 53ms)[22m
[2m[WebServer] [22m GET /login [32m200[39m in 9ms[2m (compile: 1008µs, render: 8ms)[22m
  ✓   6 [chromium] › e2e/smoke/auth-flows.spec.ts:147:3 › Authentication › password strength indicator - show feedback for weak passwords (835ms)
[2m[WebServer] [22m GET / [32m200[39m in 21ms[2m (compile: 937µs, render: 20ms)[22m
  ✘  10 [chromium] › e2e/smoke/landing-page.spec.ts:10:1 › landing page loads with all key elements (287ms)
  ✓   8 [chromium] › e2e/smoke/auth-flows.spec.ts:173:3 › Authentication › link navigation - switch between login and signup (655ms)
[2m[WebServer] [22m GET /dashboard [32m200[39m in 48ms[2m (compile: 2ms, render: 46ms)[22m
[2m[WebServer] [22m POST /login [34m303[39m in 123ms[2m (compile: 3ms, render: 120ms)[22m
[2m[WebServer] [22m GET /login [32m200[39m in 23ms[2m (compile: 1048µs, render: 22ms)[22m
  ✓  11 [chromium] › e2e/smoke/navigation.spec.ts:10:3 › Navigation › unauthenticated navigation - show Sign In and Sign Up buttons (268ms)
[2m[WebServer] [22m GET /login [32m200[39m in 40ms[2m (compile: 22ms, render: 18ms)[22m
[2m[WebServer] [22m GET /login [32m200[39m in 58ms[2m (compile: 1727µs, render: 57ms)[22m
[2m[WebServer] [22m GET /dashboard [32m200[39m in 78ms[2m (compile: 1229µs, render: 77ms)[22m
[2m[WebServer] [22m GET /dashboard [32m200[39m in 150ms[2m (compile: 851µs, render: 150ms)[22m
[2m[WebServer] [22m POST /login [34m303[39m in 171ms[2m (compile: 988µs, render: 171ms)[22m
[2m[WebServer] [22m GET /dashboard [32m200[39m in 48ms[2m (compile: 13ms, render: 35ms)[22m
[2m[WebServer] [22m POST /login [34m303[39m in 121ms[2m (compile: 2ms, render: 119ms)[22m
  ✘   9 [chromium] › e2e/smoke/auth-flows.spec.ts:197:3 › Authentication › auth state persistence - session survives page refresh (939ms)
[2m[WebServer] [22m GET /dashboard [32m200[39m in 35ms[2m (compile: 920µs, render: 34ms)[22m
[2m[WebServer] [22m POST /login [34m303[39m in 102ms[2m (compile: 1066µs, render: 100ms)[22m
[2m[WebServer] [22m GET /issues [32m200[39m in 197ms[2m (compile: 166ms, render: 31ms)[22m
[2m[WebServer] [22m GET /login [32m200[39m in 17ms[2m (compile: 1040µs, render: 16ms)[22m
  ✓  14 [chromium] › e2e/smoke/navigation.spec.ts:29:3 › Navigation › authenticated navigation - show quick links and user menu (729ms)
[2m[WebServer] [22m GET / [32m200[39m in 49ms[2m (compile: 20ms, render: 28ms)[22m
[2m[WebServer] [22m GET /dashboard [32m200[39m in 39ms[2m (compile: 1535µs, render: 38ms)[22m
[2m[WebServer] [22m POST /login [34m303[39m in 110ms[2m (compile: 1038µs, render: 109ms)[22m
[2m[WebServer] [22m GET /issues/new [32m200[39m in 223ms[2m (compile: 193ms, render: 29ms)[22m
[2m[WebServer] [22m GET /login [32m200[39m in 32ms[2m (compile: 16ms, render: 15ms)[22m
[2m[WebServer] [22m GET /dashboard [32m200[39m in 35ms[2m (compile: 899µs, render: 34ms)[22m
[2m[WebServer] [22m POST /login [34m303[39m in 101ms[2m (compile: 914µs, render: 100ms)[22m
[2m[WebServer] [22m GET /machines [32m200[39m in 196ms[2m (compile: 170ms, render: 26ms)[22m
  ✓  12 [chromium] › e2e/smoke/navigation.spec.ts:58:3 › Navigation › quick links navigation - navigate to placeholder pages (1.7s)
[2m[WebServer] [22m GET /dashboard [32m200[39m in 30ms[2m (compile: 1154µs, render: 29ms)[22m
  ✓  16 [chromium] › e2e/smoke/navigation.spec.ts:150:3 › Navigation › logo navigation - links to correct page based on auth state (775ms)
[2m[WebServer] [22m GET /login [32m200[39m in 45ms[2m (compile: 24ms, render: 20ms)[22m
[2m[WebServer] [22m GET /login [32m200[39m in 44ms[2m (compile: 29ms, render: 16ms)[22m
[2m[WebServer] [22m GET /dashboard [32m200[39m in 43ms[2m (compile: 937µs, render: 42ms)[22m
[2m[WebServer] [22m POST /login [34m303[39m in 106ms[2m (compile: 1013µs, render: 105ms)[22m
[2m[WebServer] [22m GET /dashboard [32m200[39m in 33ms[2m (compile: 825µs, render: 32ms)[22m
[2m[WebServer] [22m POST /login [34m303[39m in 92ms[2m (compile: 877µs, render: 91ms)[22m
[2m[WebServer] [22m GET / [34m307[39m in 66ms[2m (compile: 1081µs, render: 65ms)[22m
[2m[WebServer] [22m GET /issues [32m200[39m in 70ms[2m (compile: 829µs, render: 69ms)[22m
[2m[WebServer] [22m GET /dashboard [32m200[39m in 91ms[2m (compile: 892µs, render: 90ms)[22m
[2m[WebServer] [22m GET /machines [32m200[39m in 43ms[2m (compile: 1064µs, render: 42ms)[22m
  ✓  17 [chromium] › e2e/smoke/navigation.spec.ts:177:3 › Navigation › authenticated user redirect - home page redirects to dashboard (828ms)
  ✓  18 [chromium] › e2e/smoke/navigation.spec.ts:199:3 › Navigation › navigation on all pages except auth - verify navigation appears (898ms)
  ✘  13 [chromium] › e2e/smoke/navigation.spec.ts:96:3 › Navigation › user menu dropdown - open and close menu (2.7s)
  ✘  15 [chromium] › e2e/smoke/navigation.spec.ts:124:3 › Navigation › logout from user menu - sign out and redirect (5.7s)


  1) [chromium] › e2e/smoke/auth-flows.spec.ts:10:3 › Authentication › signup flow - create new account and access dashboard 

    Error: [2mexpect([22m[31mlocator[39m[2m).[22mtoBeVisible[2m([22m[2m)[22m failed

    Locator: getByText('E2E Test User')
    Expected: visible
    Error: strict mode violation: getByText('E2E Test User') resolved to 2 elements:
        1) <p class="text-sm font-medium text-on-primary-container">E2E Test User</p> aka getByRole('button', { name: 'User menu' })
        2) <p class="text-sm font-medium text-on-surface">E2E Test User</p> aka getByRole('main').getByText('E2E Test User')

    Call log:
    [2m  - Expect "toBeVisible" with timeout 2000ms[22m
    [2m  - waiting for getByText('E2E Test User')[22m


      39 |       page.getByRole("heading", { name: "Dashboard" })
      40 |     ).toBeVisible();
    > 41 |     await expect(page.getByText("E2E Test User")).toBeVisible();
         |                                                   ^
      42 |     await expect(page.getByText(testEmail)).toBeVisible();
      43 |   });
      44 |
        at /home/froeht/Code/PinPoint/e2e/smoke/auth-flows.spec.ts:41:51

    attachment #1: screenshot (image/png) ──────────────────────────────────────────────────────────
    test-results/smoke-auth-flows-Authentic-3e8c6-ccount-and-access-dashboard-chromium/test-failed-1.png
    ────────────────────────────────────────────────────────────────────────────────────────────────

    Error Context: test-results/smoke-auth-flows-Authentic-3e8c6-ccount-and-access-dashboard-chromium/error-context.md

  2) [chromium] › e2e/smoke/auth-flows.spec.ts:45:3 › Authentication › login flow - sign in with existing account 

    Error: [2mexpect([22m[31mlocator[39m[2m).[22mtoBeVisible[2m([22m[2m)[22m failed

    Locator: getByText('Member User')
    Expected: visible
    Error: strict mode violation: getByText('Member User') resolved to 2 elements:
        1) <p class="text-sm font-medium text-on-primary-container">Member User</p> aka getByRole('button', { name: 'User menu' })
        2) <p class="text-sm font-medium text-on-surface">Member User</p> aka getByRole('main').getByText('Member User')

    Call log:
    [2m  - Expect "toBeVisible" with timeout 2000ms[22m
    [2m  - waiting for getByText('Member User')[22m


      74 |       page.getByRole("heading", { name: "Dashboard" })
      75 |     ).toBeVisible();
    > 76 |     await expect(page.getByText("Member User")).toBeVisible();
         |                                                 ^
      77 |     await expect(page.getByText(testEmail)).toBeVisible();
      78 |   });
      79 |
        at /home/froeht/Code/PinPoint/e2e/smoke/auth-flows.spec.ts:76:49

    attachment #1: screenshot (image/png) ──────────────────────────────────────────────────────────
    test-results/smoke-auth-flows-Authentic-fe892-gn-in-with-existing-account-chromium/test-failed-1.png
    ────────────────────────────────────────────────────────────────────────────────────────────────

    Error Context: test-results/smoke-auth-flows-Authentic-fe892-gn-in-with-existing-account-chromium/error-context.md

  3) [chromium] › e2e/smoke/auth-flows.spec.ts:197:3 › Authentication › auth state persistence - session survives page refresh 

    Error: [2mexpect([22m[31mlocator[39m[2m).[22mtoBeVisible[2m([22m[2m)[22m failed

    Locator: getByText('Member User')
    Expected: visible
    Error: strict mode violation: getByText('Member User') resolved to 2 elements:
        1) <p class="text-sm font-medium text-on-primary-container">Member User</p> aka getByRole('button', { name: 'User menu' })
        2) <p class="text-sm font-medium text-on-surface">Member User</p> aka getByRole('main').getByText('Member User')

    Call log:
    [2m  - Expect "toBeVisible" with timeout 2000ms[22m
    [2m  - waiting for getByText('Member User')[22m


      215 |       page.getByRole("heading", { name: "Dashboard" })
      216 |     ).toBeVisible();
    > 217 |     await expect(page.getByText("Member User")).toBeVisible();
          |                                                 ^
      218 |   });
      219 | });
      220 |
        at /home/froeht/Code/PinPoint/e2e/smoke/auth-flows.spec.ts:217:49

    attachment #1: screenshot (image/png) ──────────────────────────────────────────────────────────
    test-results/smoke-auth-flows-Authentic-3947d-ssion-survives-page-refresh-chromium/test-failed-1.png
    ────────────────────────────────────────────────────────────────────────────────────────────────

    Error Context: test-results/smoke-auth-flows-Authentic-3947d-ssion-survives-page-refresh-chromium/error-context.md

  4) [chromium] › e2e/smoke/landing-page.spec.ts:10:1 › landing page loads with all key elements ───

    Error: [2mexpect([22m[31mlocator[39m[2m).[22mtoBeVisible[2m([22m[2m)[22m failed

    Locator: getByRole('link', { name: 'Sign Up' })
    Expected: visible
    Error: strict mode violation: getByRole('link', { name: 'Sign Up' }) resolved to 2 elements:
        1) <a href="/signup" data-slot="button" class="inline-flex items-center justify-center whitespace-nowrap text-sm font-medium transition-all disabled:pointer-events-none disabled:opacity-50 [&_svg]:pointer-events-none [&_svg:not([class*='size-'])]:size-4 shrink-0 [&_svg]:shrink-0 outline-none focus-visible:border-ring focus-visible:ring-ring/50 focus-visible:ring-[3px] aria-invalid:ring-destructive/20 dark:aria-invalid:ring-destructive/40 aria-invalid:border-destructive h-8 rounded-md gap-1.5 px-3 ha…>Sign Up</a> aka getByRole('navigation').getByRole('link', { name: 'Sign Up' })
        2) <a href="/signup" data-slot="button" class="inline-flex items-center justify-center gap-2 whitespace-nowrap text-sm font-medium disabled:pointer-events-none disabled:opacity-50 [&_svg]:pointer-events-none [&_svg:not([class*='size-'])]:size-4 shrink-0 [&_svg]:shrink-0 outline-none focus-visible:border-ring focus-visible:ring-ring/50 focus-visible:ring-[3px] aria-invalid:ring-destructive/20 dark:aria-invalid:ring-destructive/40 aria-invalid:border-destructive h-10 rounded-md px-6 has-[>svg]:px-4 bg…>Sign Up</a> aka getByRole('main').getByRole('link', { name: 'Sign Up' })

    Call log:
    [2m  - Expect "toBeVisible" with timeout 2000ms[22m
    [2m  - waiting for getByRole('link', { name: 'Sign Up' })[22m


      19 |
      20 |   // Verify key navigation elements
    > 21 |   await expect(page.getByRole("link", { name: "Sign Up" })).toBeVisible();
         |                                                             ^
      22 |   await expect(page.getByRole("link", { name: "Sign In" })).toBeVisible();
      23 |   await expect(
      24 |     page.getByRole("link", { name: "Report an Issue" })
        at /home/froeht/Code/PinPoint/e2e/smoke/landing-page.spec.ts:21:61

    attachment #1: screenshot (image/png) ──────────────────────────────────────────────────────────
    test-results/smoke-landing-page-landing-page-loads-with-all-key-elements-chromium/test-failed-1.png
    ────────────────────────────────────────────────────────────────────────────────────────────────

    Error Context: test-results/smoke-landing-page-landing-page-loads-with-all-key-elements-chromium/error-context.md

  5) [chromium] › e2e/smoke/navigation.spec.ts:96:3 › Navigation › user menu dropdown - open and close menu 

    Error: [2mexpect([22m[31mlocator[39m[2m).not.[22mtoBeVisible[2m([22m[2m)[22m failed

    Locator:  getByText('Profile')
    Expected: not visible
    Received: visible
    Timeout:  2000ms

    Call log:
    [2m  - Expect "not toBeVisible" with timeout 2000ms[22m
    [2m  - waiting for getByText('Profile')[22m
    [2m    6 × locator resolved to <h2 class="text-lg font-semibold text-on-surface">Your Profile</h2>[22m
    [2m      - unexpected value "visible"[22m


      105 |
      106 |     // User menu should not be open initially
    > 107 |     await expect(page.getByText("Profile")).not.toBeVisible();
          |                                                 ^
      108 |
      109 |     // Click on user menu trigger (avatar with chevron)
      110 |     const nav = page.locator("nav");
        at /home/froeht/Code/PinPoint/e2e/smoke/navigation.spec.ts:107:49

    attachment #1: screenshot (image/png) ──────────────────────────────────────────────────────────
    test-results/smoke-navigation-Navigatio-96a9f-pdown---open-and-close-menu-chromium/test-failed-1.png
    ────────────────────────────────────────────────────────────────────────────────────────────────

    Error Context: test-results/smoke-navigation-Navigatio-96a9f-pdown---open-and-close-menu-chromium/error-context.md

  6) [chromium] › e2e/smoke/navigation.spec.ts:124:3 › Navigation › logout from user menu - sign out and redirect 

    TimeoutError: locator.click: Timeout 5000ms exceeded.
    Call log:
    [2m  - waiting for getByRole('button', { name: 'Sign Out' })[22m


      138 |
      139 |     // Click Sign Out
    > 140 |     await page.getByRole("button", { name: "Sign Out" }).click();
          |                                                          ^
      141 |
      142 |     // Should redirect to home page
      143 |     await expect(page).toHaveURL("/");
        at /home/froeht/Code/PinPoint/e2e/smoke/navigation.spec.ts:140:58

    attachment #1: screenshot (image/png) ──────────────────────────────────────────────────────────
    test-results/smoke-navigation-Navigatio-b824c-enu---sign-out-and-redirect-chromium/test-failed-1.png
    ────────────────────────────────────────────────────────────────────────────────────────────────

    Error Context: test-results/smoke-navigation-Navigatio-b824c-enu---sign-out-and-redirect-chromium/error-context.md

  6 failed
    [chromium] › e2e/smoke/auth-flows.spec.ts:10:3 › Authentication › signup flow - create new account and access dashboard 
    [chromium] › e2e/smoke/auth-flows.spec.ts:45:3 › Authentication › login flow - sign in with existing account 
    [chromium] › e2e/smoke/auth-flows.spec.ts:197:3 › Authentication › auth state persistence - session survives page refresh 
    [chromium] › e2e/smoke/landing-page.spec.ts:10:1 › landing page loads with all key elements ────
    [chromium] › e2e/smoke/navigation.spec.ts:96:3 › Navigation › user menu dropdown - open and close menu 
    [chromium] › e2e/smoke/navigation.spec.ts:124:3 › Navigation › logout from user menu - sign out and redirect 
  12 passed (10.8s)

To open last HTML report run:
[36m[39m
[36m  npx playwright show-report[39m
[36m[39m
