src/server/api/__tests__/multi-tenant-security.test.ts(10,8): error TS6133: 'MockContext' is declared but its value is never read.
src/server/api/__tests__/multi-tenant-security.test.ts(11,8): error TS6133: 'MockUser' is declared but its value is never read.
src/server/api/__tests__/multi-tenant-security.test.ts(17,8): error TS2305: Module '"@prisma/client"' has no exported member 'Status'.
src/server/api/__tests__/multi-tenant-security.test.ts(230,8): error TS6196: 'CallerType' is declared but never used.
src/server/api/__tests__/multi-tenant-security.test.ts(269,9): error TS2322: Type '{ name: string; id: string; subdomain: string | null; logoUrl: string | null; createdAt: Date; updatedAt: Date; }' is not assignable to type 'Organization'.
  Types of property 'subdomain' are incompatible.
    Type 'string | null' is not assignable to type 'string'.
      Type 'null' is not assignable to type 'string'.
src/server/api/__tests__/multi-tenant-security.test.ts(323,9): error TS2322: Type '{ name: string; id: string; subdomain: string | null; logoUrl: string | null; createdAt: Date; updatedAt: Date; }' is not assignable to type 'Organization'.
  Types of property 'subdomain' are incompatible.
    Type 'string | null' is not assignable to type 'string'.
      Type 'null' is not assignable to type 'string'.
src/server/api/__tests__/multi-tenant-security.test.ts(385,9): error TS2322: Type '{ name: string; id: string; subdomain: string | null; logoUrl: string | null; createdAt: Date; updatedAt: Date; }' is not assignable to type 'Organization'.
  Types of property 'subdomain' are incompatible.
    Type 'string | null' is not assignable to type 'string'.
      Type 'null' is not assignable to type 'string'.
src/server/api/__tests__/multi-tenant-security.test.ts(415,9): error TS2322: Type '{ name: string; id: string; subdomain: string | null; logoUrl: string | null; createdAt: Date; updatedAt: Date; }' is not assignable to type 'Organization'.
  Types of property 'subdomain' are incompatible.
    Type 'string | null' is not assignable to type 'string'.
      Type 'null' is not assignable to type 'string'.
src/server/api/__tests__/multi-tenant-security.test.ts(491,9): error TS2322: Type '{ name: string; id: string; subdomain: string | null; logoUrl: string | null; createdAt: Date; updatedAt: Date; }' is not assignable to type 'Organization'.
  Types of property 'subdomain' are incompatible.
    Type 'string | null' is not assignable to type 'string'.
      Type 'null' is not assignable to type 'string'.
src/server/api/__tests__/multi-tenant-security.test.ts(639,9): error TS2322: Type '{ name: string; id: string; subdomain: string | null; logoUrl: string | null; createdAt: Date; updatedAt: Date; }' is not assignable to type 'Organization'.
  Types of property 'subdomain' are incompatible.
    Type 'string | null' is not assignable to type 'string'.
      Type 'null' is not assignable to type 'string'.
src/server/api/__tests__/multi-tenant-security.test.ts(732,9): error TS2322: Type '{ name: string; id: string; subdomain: string | null; logoUrl: string | null; createdAt: Date; updatedAt: Date; }' is not assignable to type 'Organization'.
  Types of property 'subdomain' are incompatible.
    Type 'string | null' is not assignable to type 'string'.
      Type 'null' is not assignable to type 'string'.
src/server/api/__tests__/multi-tenant-security.test.ts(772,9): error TS2322: Type '{ name: string; id: string; subdomain: string | null; logoUrl: string | null; createdAt: Date; updatedAt: Date; }' is not assignable to type 'Organization'.
  Types of property 'subdomain' are incompatible.
    Type 'string | null' is not assignable to type 'string'.
      Type 'null' is not assignable to type 'string'.
src/server/api/__tests__/multi-tenant-security.test.ts(818,9): error TS2322: Type '{ name: string; id: string; subdomain: string | null; logoUrl: string | null; createdAt: Date; updatedAt: Date; }' is not assignable to type 'Organization'.
  Types of property 'subdomain' are incompatible.
    Type 'string | null' is not assignable to type 'string'.
      Type 'null' is not assignable to type 'string'.
src/server/api/__tests__/multi-tenant-security.test.ts(911,9): error TS2322: Type '{ name: string; id: string; subdomain: string | null; logoUrl: string | null; createdAt: Date; updatedAt: Date; }' is not assignable to type 'Organization'.
  Types of property 'subdomain' are incompatible.
    Type 'string | null' is not assignable to type 'string'.
      Type 'null' is not assignable to type 'string'.
src/server/api/routers/__tests__/issue.notification.test.ts(31,5): error TS2739: Type '{ id: string; name: string; }' is missing the following properties from type '{ name: string; id: string; subdomain: string | null; logoUrl: string | null; createdAt: Date; updatedAt: Date; }': subdomain, logoUrl, createdAt, updatedAt
src/server/api/routers/collection.ts(57,66): error TS2379: Argument of type '{ name: string; typeId: string; locationId: string | undefined; description: string | undefined; }' is not assignable to parameter of type 'CreateManualCollectionData' with 'exactOptionalPropertyTypes: true'. Consider adding 'undefined' to the types of the target's properties.
  Types of property 'locationId' are incompatible.
    Type 'string | undefined' is not assignable to type 'string'.
      Type 'undefined' is not assignable to type 'string'.
src/server/api/routers/issue.core.ts(74,27): error TS18047: 'ctx.session' is possibly 'null'.
src/server/api/routers/issue.core.ts(82,9): error TS2375: Type '{ title: string; description: string | undefined; createdById: string; machineId: string; organizationId: string; statusId: string; priorityId: string; }' is not assignable to type '(Without<IssueCreateInput, IssueUncheckedCreateInput> & IssueUncheckedCreateInput) | (Without<...> & IssueCreateInput)' with 'exactOptionalPropertyTypes: true'. Consider adding 'undefined' to the types of the target's properties.
  Type '{ title: string; description: string | undefined; createdById: string; machineId: string; organizationId: string; statusId: string; priorityId: string; }' is not assignable to type 'Without<IssueCreateInput, IssueUncheckedCreateInput> & IssueUncheckedCreateInput' with 'exactOptionalPropertyTypes: true'. Consider adding 'undefined' to the types of the target's properties.
    Type '{ title: string; description: string | undefined; createdById: string; machineId: string; organizationId: string; statusId: string; priorityId: string; }' is not assignable to type 'IssueUncheckedCreateInput' with 'exactOptionalPropertyTypes: true'. Consider adding 'undefined' to the types of the target's properties.
      Types of property 'description' are incompatible.
        Type 'string | undefined' is not assignable to type 'string | null'.
          Type 'undefined' is not assignable to type 'string | null'.
src/server/api/routers/model.opdb.ts(46,9): error TS2375: Type '{ name: string; opdbId: string; manufacturer: string | undefined; year: number | undefined; opdbImgUrl: string | undefined; machineType: string | undefined; }' is not assignable to type '(Without<ModelCreateInput, ModelUncheckedCreateInput> & ModelUncheckedCreateInput) | (Without<...> & ModelCreateInput)' with 'exactOptionalPropertyTypes: true'. Consider adding 'undefined' to the types of the target's properties.
  Type '{ name: string; opdbId: string; manufacturer: string | undefined; year: number | undefined; opdbImgUrl: string | undefined; machineType: string | undefined; }' is not assignable to type 'Without<ModelUncheckedCreateInput, ModelCreateInput> & ModelCreateInput' with 'exactOptionalPropertyTypes: true'. Consider adding 'undefined' to the types of the target's properties.
    Type '{ name: string; opdbId: string; manufacturer: string | undefined; year: number | undefined; opdbImgUrl: string | undefined; machineType: string | undefined; }' is not assignable to type 'ModelCreateInput' with 'exactOptionalPropertyTypes: true'. Consider adding 'undefined' to the types of the target's properties.
      Types of property 'manufacturer' are incompatible.
        Type 'string | undefined' is not assignable to type 'string | null'.
          Type 'undefined' is not assignable to type 'string | null'.
src/server/api/routers/model.opdb.ts(90,13): error TS2375: Type '{ name: string; manufacturer: string | undefined; year: number | undefined; opdbImgUrl: string | undefined; machineType: string | undefined; }' is not assignable to type '(Without<ModelUpdateInput, ModelUncheckedUpdateInput> & ModelUncheckedUpdateInput) | (Without<...> & ModelUpdateInput)' with 'exactOptionalPropertyTypes: true'. Consider adding 'undefined' to the types of the target's properties.
  Type '{ name: string; manufacturer: string | undefined; year: number | undefined; opdbImgUrl: string | undefined; machineType: string | undefined; }' is not assignable to type 'Without<ModelUncheckedUpdateInput, ModelUpdateInput> & ModelUpdateInput' with 'exactOptionalPropertyTypes: true'. Consider adding 'undefined' to the types of the target's properties.
    Type '{ name: string; manufacturer: string | undefined; year: number | undefined; opdbImgUrl: string | undefined; machineType: string | undefined; }' is not assignable to type 'ModelUpdateInput' with 'exactOptionalPropertyTypes: true'. Consider adding 'undefined' to the types of the target's properties.
      Types of property 'manufacturer' are incompatible.
        Type 'string | undefined' is not assignable to type 'string | NullableStringFieldUpdateOperationsInput | null'.
          Type 'undefined' is not assignable to type 'string | NullableStringFieldUpdateOperationsInput | null'.
src/server/api/routers/notification.ts(17,64): error TS2379: Argument of type '{ unreadOnly?: boolean | undefined; limit?: number | undefined; offset?: number | undefined; }' is not assignable to parameter of type '{ unreadOnly?: boolean; limit?: number; offset?: number; }' with 'exactOptionalPropertyTypes: true'. Consider adding 'undefined' to the types of the target's properties.
  Types of property 'unreadOnly' are incompatible.
    Type 'boolean | undefined' is not assignable to type 'boolean'.
      Type 'undefined' is not assignable to type 'boolean'.
src/server/api/routers/organization.ts(27,9): error TS2375: Type '{ name: string; logoUrl: string | undefined; }' is not assignable to type '(Without<OrganizationUpdateInput, OrganizationUncheckedUpdateInput> & OrganizationUncheckedUpdateInput) | (Without<...> & OrganizationUpdateInput)' with 'exactOptionalPropertyTypes: true'. Consider adding 'undefined' to the types of the target's properties.
  Type '{ name: string; logoUrl: string | undefined; }' is not assignable to type 'Without<OrganizationUncheckedUpdateInput, OrganizationUpdateInput> & OrganizationUpdateInput' with 'exactOptionalPropertyTypes: true'. Consider adding 'undefined' to the types of the target's properties.
    Type '{ name: string; logoUrl: string | undefined; }' is not assignable to type 'OrganizationUpdateInput' with 'exactOptionalPropertyTypes: true'. Consider adding 'undefined' to the types of the target's properties.
      Types of property 'logoUrl' are incompatible.
        Type 'string | undefined' is not assignable to type 'string | NullableStringFieldUpdateOperationsInput | null'.
          Type 'undefined' is not assignable to type 'string | NullableStringFieldUpdateOperationsInput | null'.
src/server/auth/config.ts(103,15): error TS4111: Property 'id' comes from an index signature, so it must be accessed with ['id'].
src/server/auth/config.ts(127,19): error TS4111: Property 'role' comes from an index signature, so it must be accessed with ['role'].
src/server/auth/config.ts(128,19): error TS4111: Property 'organizationId' comes from an index signature, so it must be accessed with ['organizationId'].
src/server/auth/config.ts(138,9): error TS2375: Type '{ id: string; role: string | undefined; organizationId: string | undefined; name?: string | null; email?: string | null; image?: string | null; }' is not assignable to type '{ id: string; role?: string; organizationId?: string; } & User' with 'exactOptionalPropertyTypes: true'. Consider adding 'undefined' to the types of the target's properties.
  Type '{ id: string; role: string | undefined; organizationId: string | undefined; name?: string | null; email?: string | null; image?: string | null; }' is not assignable to type '{ id: string; role?: string; organizationId?: string; }' with 'exactOptionalPropertyTypes: true'. Consider adding 'undefined' to the types of the target's properties.
    Types of property 'role' are incompatible.
      Type 'string | undefined' is not assignable to type 'string'.
        Type 'undefined' is not assignable to type 'string'.
src/server/auth/permissions.ts(22,18): error TS2352: Conversion of type '{ permissions: { name: string; id: string; }[]; } & { name: string; id: string; organizationId: string; isDefault: boolean; }' to type 'PrismaRole & { permissions: { name: string; }[]; }' may be a mistake because neither type sufficiently overlaps with the other. If this was intentional, convert the expression to 'unknown' first.
  Type '{ permissions: { name: string; id: string; }[]; } & { name: string; id: string; organizationId: string; isDefault: boolean; }' is missing the following properties from type 'PrismaRole': createdAt, updatedAt
src/server/auth/permissions.ts(52,18): error TS2352: Conversion of type '{ permissions: { name: string; id: string; }[]; } & { name: string; id: string; organizationId: string; isDefault: boolean; }' to type 'PrismaRole & { permissions: { name: string; }[]; }' may be a mistake because neither type sufficiently overlaps with the other. If this was intentional, convert the expression to 'unknown' first.
  Type '{ permissions: { name: string; id: string; }[]; } & { name: string; id: string; organizationId: string; isDefault: boolean; }' is missing the following properties from type 'PrismaRole': createdAt, updatedAt
src/server/db.ts(17,3): error TS2322: Type 'DynamicClientExtensionThis<TypeMap<InternalArgs & { result: {}; model: { $allModels: { aggregate: () => <This, FormalArgs extends _prisma_client_runtime_library.Args<This, "aggregate"> & PrismaCacheStrategy, const ActualArgs extends FormalArgs>(this: This, args: { [key in keyof ActualArgs]: key extends keyof FormalA...' is not assignable to type 'AcceleratedPrismaClient'.
  Type 'DynamicClientExtensionThis<TypeMap<InternalArgs & { result: {}; model: { $allModels: { aggregate: () => <This, FormalArgs extends _prisma_client_runtime_library.Args<This, "aggregate"> & PrismaCacheStrategy, const ActualArgs extends FormalArgs>(this: This, args: { [key in keyof ActualArgs]: key extends keyof FormalA...' is missing the following properties from type 'PrismaClient<PrismaClientOptions, never, DefaultArgs>': $on, $use
src/server/db/provider.ts(16,7): error TS2412: Type 'undefined' is not assignable to type 'AcceleratedPrismaClient' with 'exactOptionalPropertyTypes: true'. Consider adding 'undefined' to the type of the target.
  Type 'undefined' is not assignable to type 'PrismaClient<PrismaClientOptions, never, DefaultArgs>'.
src/server/db/provider.ts(22,5): error TS2412: Type 'undefined' is not assignable to type 'AcceleratedPrismaClient' with 'exactOptionalPropertyTypes: true'. Consider adding 'undefined' to the type of the target.
  Type 'undefined' is not assignable to type 'PrismaClient<PrismaClientOptions, never, DefaultArgs>'.
src/server/services/__tests__/collectionService.test.ts(73,9): error TS2345: Argument of type 'any' is not assignable to parameter of type 'never'.
src/server/services/__tests__/collectionService.test.ts(85,71): error TS2345: Argument of type 'any' is not assignable to parameter of type 'never'.
src/server/services/__tests__/collectionService.test.ts(146,9): error TS2345: Argument of type 'any' is not assignable to parameter of type 'never'.
src/server/services/__tests__/collectionService.test.ts(184,9): error TS2345: Argument of type 'any' is not assignable to parameter of type 'never'.
src/server/services/__tests__/collectionService.test.ts(210,69): error TS2345: Argument of type 'any' is not assignable to parameter of type 'never'.
src/server/services/__tests__/collectionService.test.ts(228,9): error TS2345: Argument of type 'any' is not assignable to parameter of type 'never'.
src/server/services/__tests__/collectionService.test.ts(254,9): error TS2345: Argument of type 'any' is not assignable to parameter of type 'never'.
src/server/services/__tests__/collectionService.test.ts(275,9): error TS2345: Argument of type 'any' is not assignable to parameter of type 'never'.
src/server/services/collectionService.ts(197,5): error TS6133: 'organizationId' is declared but its value is never read.
src/server/services/collectionService.ts(201,7): error TS2375: Type '{ name: string; typeId: string; locationId: string | undefined; description: string | undefined; isManual: true; isSmart: false; }' is not assignable to type '(Without<CollectionCreateInput, CollectionUncheckedCreateInput> & CollectionUncheckedCreateInput) | (Without<...> & CollectionCreateInput)' with 'exactOptionalPropertyTypes: true'. Consider adding 'undefined' to the types of the target's properties.
  Type '{ name: string; typeId: string; locationId: string | undefined; description: string | undefined; isManual: true; isSmart: false; }' is not assignable to type 'Without<CollectionCreateInput, CollectionUncheckedCreateInput> & CollectionUncheckedCreateInput' with 'exactOptionalPropertyTypes: true'. Consider adding 'undefined' to the types of the target's properties.
    Type '{ name: string; typeId: string; locationId: string | undefined; description: string | undefined; isManual: true; isSmart: false; }' is not assignable to type 'CollectionUncheckedCreateInput' with 'exactOptionalPropertyTypes: true'. Consider adding 'undefined' to the types of the target's properties.
      Types of property 'locationId' are incompatible.
        Type 'string | undefined' is not assignable to type 'string | null'.
          Type 'undefined' is not assignable to type 'string | null'.
src/server/services/issueActivityService.ts(22,7): error TS2375: Type '{ issueId: string; organizationId: string; type: $Enums.ActivityType; actorId: string | undefined; field: string; oldValue: string | undefined; newValue: string | undefined; }' is not assignable to type '(Without<IssueHistoryCreateInput, IssueHistoryUncheckedCreateInput> & IssueHistoryUncheckedCreateInput) | (Without<...> & IssueHistoryCreateInput)' with 'exactOptionalPropertyTypes: true'. Consider adding 'undefined' to the types of the target's properties.
  Type '{ issueId: string; organizationId: string; type: $Enums.ActivityType; actorId: string | undefined; field: string; oldValue: string | undefined; newValue: string | undefined; }' is not assignable to type 'Without<IssueHistoryCreateInput, IssueHistoryUncheckedCreateInput> & IssueHistoryUncheckedCreateInput' with 'exactOptionalPropertyTypes: true'. Consider adding 'undefined' to the types of the target's properties.
    Type '{ issueId: string; organizationId: string; type: $Enums.ActivityType; actorId: string | undefined; field: string; oldValue: string | undefined; newValue: string | undefined; }' is not assignable to type 'IssueHistoryUncheckedCreateInput' with 'exactOptionalPropertyTypes: true'. Consider adding 'undefined' to the types of the target's properties.
      Types of property 'oldValue' are incompatible.
        Type 'string | undefined' is not assignable to type 'string | null'.
          Type 'undefined' is not assignable to type 'string | null'.
src/server/services/issueActivityService.ts(70,9): error TS6133: '_description' is declared but its value is never read.
src/server/services/issueActivityService.ts(81,56): error TS2379: Argument of type '{ type: "ASSIGNED"; actorId: string; fieldName: string; oldValue: string | undefined; newValue: string | undefined; }' is not assignable to parameter of type 'ActivityData' with 'exactOptionalPropertyTypes: true'. Consider adding 'undefined' to the types of the target's properties.
  Types of property 'oldValue' are incompatible.
    Type 'string | undefined' is not assignable to type 'string'.
      Type 'undefined' is not assignable to type 'string'.
src/server/services/notificationService.ts(25,7): error TS2375: Type '{ userId: string; type: $Enums.NotificationType; message: string; entityType: $Enums.NotificationEntity | undefined; entityId: string | undefined; actionUrl: string | undefined; }' is not assignable to type '(Without<NotificationCreateInput, NotificationUncheckedCreateInput> & NotificationUncheckedCreateInput) | (Without<...> & NotificationCreateInput)' with 'exactOptionalPropertyTypes: true'. Consider adding 'undefined' to the types of the target's properties.
  Type '{ userId: string; type: $Enums.NotificationType; message: string; entityType: $Enums.NotificationEntity | undefined; entityId: string | undefined; actionUrl: string | undefined; }' is not assignable to type 'Without<NotificationCreateInput, NotificationUncheckedCreateInput> & NotificationUncheckedCreateInput' with 'exactOptionalPropertyTypes: true'. Consider adding 'undefined' to the types of the target's properties.
    Type '{ userId: string; type: $Enums.NotificationType; message: string; entityType: $Enums.NotificationEntity | undefined; entityId: string | undefined; actionUrl: string | undefined; }' is not assignable to type 'NotificationUncheckedCreateInput' with 'exactOptionalPropertyTypes: true'. Consider adding 'undefined' to the types of the target's properties.
      Types of property 'entityType' are incompatible.
        Type 'NotificationEntity | undefined' is not assignable to type 'NotificationEntity | null'.
          Type 'undefined' is not assignable to type 'NotificationEntity | null'.
src/server/services/pinballmapService.ts(287,9): error TS2375: Type '{ name: string; manufacturer: string | null; year: number | null; opdbId: string | null | undefined; ipdbId: string | null; machineType: string | null; machineDisplay: string | null; ... 4 more ...; isCustom: false; }' is not assignable to type '(Without<ModelCreateInput, ModelUncheckedCreateInput> & ModelUncheckedCreateInput) | (Without<...> & ModelCreateInput)' with 'exactOptionalPropertyTypes: true'. Consider adding 'undefined' to the types of the target's properties.
  Type '{ name: string; manufacturer: string | null; year: number | null; opdbId: string | null | undefined; ipdbId: string | null; machineType: string | null; machineDisplay: string | null; ... 4 more ...; isCustom: false; }' is not assignable to type 'Without<ModelUncheckedCreateInput, ModelCreateInput> & ModelCreateInput' with 'exactOptionalPropertyTypes: true'. Consider adding 'undefined' to the types of the target's properties.
    Type '{ name: string; manufacturer: string | null; year: number | null; opdbId: string | null | undefined; ipdbId: string | null; machineType: string | null; machineDisplay: string | null; ... 4 more ...; isCustom: false; }' is not assignable to type 'ModelCreateInput' with 'exactOptionalPropertyTypes: true'. Consider adding 'undefined' to the types of the target's properties.
      Types of property 'opdbId' are incompatible.
        Type 'string | null | undefined' is not assignable to type 'string | null'.
          Type 'undefined' is not assignable to type 'string | null'.
